../Core/Src/main.c:130:5:main	56	static
../Core/Src/main.c:254:6:SystemClock_Config	88	static
../Core/Src/main.c:311:6:PeriphCommonClock_Config	144	static
../Core/Src/main.c:339:13:MX_ADC3_Init	24	static
../Core/Src/main.c:391:13:MX_CRC_Init	8	static
../Core/Src/main.c:422:13:MX_DCMI_Init	8	static
../Core/Src/main.c:459:13:MX_DMA2D_Init	8	static
../Core/Src/main.c:496:13:MX_I2C1_Init	8	static
../Core/Src/main.c:544:13:MX_I2C3_Init	8	static
../Core/Src/main.c:592:13:MX_LTDC_Init	64	static
../Core/Src/main.c:654:13:MX_QUADSPI_Init	8	static
../Core/Src/main.c:689:13:MX_RTC_Init	72	static
../Core/Src/main.c:785:13:MX_SAI2_Init	8	static
../Core/Src/main.c:860:13:MX_SDMMC1_SD_Init	4	static
../Core/Src/main.c:888:13:MX_SPDIFRX_Init	8	static
../Core/Src/main.c:924:13:MX_SPI2_Init	8	static
../Core/Src/main.c:964:13:MX_TIM1_Init	112	static
../Core/Src/main.c:1044:13:MX_TIM2_Init	64	static
../Core/Src/main.c:1103:13:MX_TIM3_Init	64	static
../Core/Src/main.c:1162:13:MX_TIM5_Init	64	static
../Core/Src/main.c:1221:13:MX_TIM8_Init	40	static
../Core/Src/main.c:1268:13:MX_TIM12_Init	40	static
../Core/Src/main.c:1310:13:MX_USART1_UART_Init	8	static
../Core/Src/main.c:1345:13:MX_USART6_UART_Init	8	static
../Core/Src/main.c:1376:13:MX_FMC_Init	40	static
../Core/Src/main.c:1427:13:MX_GPIO_Init	72	static
../Core/Src/main.c:1596:6:StartDefaultTask	16	static
../Core/Src/main.c:1620:6:HAL_TIM_PeriodElapsedCallback	16	static
../Core/Src/main.c:1637:6:Error_Handler	4	static,ignoring_inline_asm
