../Core/Src/main.c:151:6:HAL_UART_RxCpltCallback	16	static
../Core/Src/main.c:177:5:main	8	static
../Core/Src/main.c:287:6:SystemClock_Config	88	static
../Core/Src/main.c:344:6:PeriphCommonClock_Config	144	static
../Core/Src/main.c:372:13:MX_ADC3_Init	24	static
../Core/Src/main.c:424:13:MX_CRC_Init	8	static
../Core/Src/main.c:455:13:MX_DCMI_Init	8	static
../Core/Src/main.c:492:13:MX_DMA2D_Init	8	static
../Core/Src/main.c:529:13:MX_ETH_Init	8	static
../Core/Src/main.c:578:13:MX_I2C1_Init	8	static
../Core/Src/main.c:626:13:MX_I2C3_Init	8	static
../Core/Src/main.c:674:13:MX_LTDC_Init	64	static
../Core/Src/main.c:736:13:MX_QUADSPI_Init	8	static
../Core/Src/main.c:771:13:MX_RTC_Init	72	static
../Core/Src/main.c:867:13:MX_SAI2_Init	8	static
../Core/Src/main.c:942:13:MX_SDMMC1_SD_Init	4	static
../Core/Src/main.c:970:13:MX_SPDIFRX_Init	8	static
../Core/Src/main.c:1006:13:MX_SPI2_Init	8	static
../Core/Src/main.c:1046:13:MX_TIM1_Init	112	static
../Core/Src/main.c:1126:13:MX_TIM2_Init	64	static
../Core/Src/main.c:1185:13:MX_TIM3_Init	64	static
../Core/Src/main.c:1244:13:MX_TIM5_Init	64	static
../Core/Src/main.c:1303:13:MX_TIM8_Init	40	static
../Core/Src/main.c:1350:13:MX_TIM12_Init	40	static
../Core/Src/main.c:1392:13:MX_USART1_UART_Init	8	static
../Core/Src/main.c:1431:13:MX_USART6_UART_Init	8	static
../Core/Src/main.c:1462:13:MX_FMC_Init	40	static
../Core/Src/main.c:1513:13:MX_GPIO_Init	72	static
../Core/Src/main.c:1682:6:StartDefaultTask	16	static
../Core/Src/main.c:1703:6:HAL_TIM_PeriodElapsedCallback	16	static
../Core/Src/main.c:1720:6:Error_Handler	4	static,ignoring_inline_asm
