17:09:51 **** Incremental Build of configuration Debug for project UART ****
make -j8 all 
arm-none-eabi-gcc "../Core/Src/stream_process.c" -mcpu=cortex-m7 -std=gnu11 -g3 -DDEBUG -DUSE_HAL_DRIVER -DSTM32F746xx -c -I../Core/Inc -I../FATFS/Target -I../FATFS/App -I../USB_HOST/App -I../USB_HOST/Target -I../Drivers/STM32F7xx_HAL_Driver/Inc -I../Drivers/STM32F7xx_HAL_Driver/Inc/Legacy -I../Middlewares/Third_Party/FreeRTOS/Source/include -I../Middlewares/Third_Party/FreeRTOS/Source/CMSIS_RTOS -I../Middlewares/Third_Party/FreeRTOS/Source/portable/GCC/ARM_CM7/r0p1 -I../Middlewares/Third_Party/FatFs/src -I../Middlewares/ST/STM32_USB_Host_Library/Core/Inc -I../Middlewares/ST/STM32_USB_Host_Library/Class/CDC/Inc -I../Drivers/CMSIS/Device/ST/STM32F7xx/Include -I../Drivers/CMSIS/Include -I"/home/lam/Documents/embedded/STM32F7_Studies/UART/Drivers/BSP/STM32746G-Discovery" -I"/home/lam/Documents/embedded/STM32F7_Studies/UART/Drivers/BSP/Components" -O0 -ffunction-sections -fdata-sections -Wall -fstack-usage -fcyclomatic-complexity -MMD -MP -MF"Core/Src/stream_process.d" -MT"Core/Src/stream_process.o" --specs=nano.specs -mfpu=fpv5-sp-d16 -mfloat-abi=hard -mthumb -o "Core/Src/stream_process.o"
../Core/Src/stream_process.c: In function 'draw_board':
../Core/Src/stream_process.c:34:9: warning: implicit declaration of function 'islower' [-Wimplicit-function-declaration]
   34 |     if (islower(piece)) {
      |         ^~~~~~~
../Core/Src/stream_process.c:10:1: note: include '<ctype.h>' or provide a declaration of 'islower'
    9 | #include <string.h>
  +++ |+#include <ctype.h>
   10 | 
../Core/Src/stream_process.c:36:25: warning: implicit declaration of function 'toupper' [-Wimplicit-function-declaration]
   36 |         display_piece = toupper(piece);
      |                         ^~~~~~~
../Core/Src/stream_process.c:36:25: note: include '<ctype.h>' or provide a declaration of 'toupper'
arm-none-eabi-gcc -o "UART.elf" @"objects.list"   -mcpu=cortex-m7 -T"/home/lam/Documents/embedded/STM32F7_Studies/UART/STM32F746NGHX_FLASH.ld" --specs=nosys.specs -Wl,-Map="UART.map" -Wl,--gc-sections -static --specs=nano.specs -mfpu=fpv5-sp-d16 -mfloat-abi=hard -mthumb -Wl,--start-group -lc -lm -Wl,--end-group
Finished building target: UART.elf
 
arm-none-eabi-size  UART.elf 
arm-none-eabi-objdump -h -S UART.elf  > "UART.list"
   text	   data	    bss	    dec	    hex	filename
  49652	     44	   4156	  53852	   d25c	UART.elf
Finished building: default.size.stdout
 
Finished building: UART.list
 

17:09:52 Build Finished. 0 errors, 2 warnings. (took 936ms)

